args: ('foo', 0, -1) => 'foo, -2, 0'
args: ('foo', 0, 0) => 'foo, -1, 0'
args: ('foo', 0, 6) => 'foo, 5, 0'
args: ('foo', 0, 11) => 'foo, 10, 0'
args: ('foo', 1, -1) => 'foo, -2, 0'
args: ('foo', 1, 0) => 'foo, -1, 0'
args: ('foo', 1, 6) => 'foo, 5, 0'
args: ('foo', 1, 11) => 'foo, 10, 0'
args: ('foo', 49, -1) => 'foo, -2, 47'
args: ('foo', 49, 0) => 'foo, -1, 47'
args: ('foo', 49, 6) => 'foo, 5, 48'
args: ('foo', 49, 11) => 'foo, 10, 48'
args: ('foo', 50, -1) => 'foo, -2, 48'
args: ('foo', 50, 0) => 'foo, -1, 48'
args: ('foo', 50, 6) => 'foo, 5, 49'
args: ('foo', 50, 11) => 'foo, 10, 49'
args: ('Aged Brie', 0, -1) => 'Aged Brie, -2, 2'
args: ('Aged Brie', 0, 0) => 'Aged Brie, -1, 2'
args: ('Aged Brie', 0, 6) => 'Aged Brie, 5, 1'
args: ('Aged Brie', 0, 11) => 'Aged Brie, 10, 1'
args: ('Aged Brie', 1, -1) => 'Aged Brie, -2, 3'
args: ('Aged Brie', 1, 0) => 'Aged Brie, -1, 3'
args: ('Aged Brie', 1, 6) => 'Aged Brie, 5, 2'
args: ('Aged Brie', 1, 11) => 'Aged Brie, 10, 2'
args: ('Aged Brie', 49, -1) => 'Aged Brie, -2, 50'
args: ('Aged Brie', 49, 0) => 'Aged Brie, -1, 50'
args: ('Aged Brie', 49, 6) => 'Aged Brie, 5, 50'
args: ('Aged Brie', 49, 11) => 'Aged Brie, 10, 50'
args: ('Aged Brie', 50, -1) => 'Aged Brie, -2, 50'
args: ('Aged Brie', 50, 0) => 'Aged Brie, -1, 50'
args: ('Aged Brie', 50, 6) => 'Aged Brie, 5, 50'
args: ('Aged Brie', 50, 11) => 'Aged Brie, 10, 50'
args: ('Backstage passes to a TAFKAL80ETC concert', 0, -1) => 'Backstage passes to a TAFKAL80ETC concert, -2, 0'
args: ('Backstage passes to a TAFKAL80ETC concert', 0, 0) => 'Backstage passes to a TAFKAL80ETC concert, -1, 0'
args: ('Backstage passes to a TAFKAL80ETC concert', 0, 6) => 'Backstage passes to a TAFKAL80ETC concert, 5, 2'
args: ('Backstage passes to a TAFKAL80ETC concert', 0, 11) => 'Backstage passes to a TAFKAL80ETC concert, 10, 1'
args: ('Backstage passes to a TAFKAL80ETC concert', 1, -1) => 'Backstage passes to a TAFKAL80ETC concert, -2, 0'
args: ('Backstage passes to a TAFKAL80ETC concert', 1, 0) => 'Backstage passes to a TAFKAL80ETC concert, -1, 0'
args: ('Backstage passes to a TAFKAL80ETC concert', 1, 6) => 'Backstage passes to a TAFKAL80ETC concert, 5, 3'
args: ('Backstage passes to a TAFKAL80ETC concert', 1, 11) => 'Backstage passes to a TAFKAL80ETC concert, 10, 2'
args: ('Backstage passes to a TAFKAL80ETC concert', 49, -1) => 'Backstage passes to a TAFKAL80ETC concert, -2, 0'
args: ('Backstage passes to a TAFKAL80ETC concert', 49, 0) => 'Backstage passes to a TAFKAL80ETC concert, -1, 0'
args: ('Backstage passes to a TAFKAL80ETC concert', 49, 6) => 'Backstage passes to a TAFKAL80ETC concert, 5, 50'
args: ('Backstage passes to a TAFKAL80ETC concert', 49, 11) => 'Backstage passes to a TAFKAL80ETC concert, 10, 50'
args: ('Backstage passes to a TAFKAL80ETC concert', 50, -1) => 'Backstage passes to a TAFKAL80ETC concert, -2, 0'
args: ('Backstage passes to a TAFKAL80ETC concert', 50, 0) => 'Backstage passes to a TAFKAL80ETC concert, -1, 0'
args: ('Backstage passes to a TAFKAL80ETC concert', 50, 6) => 'Backstage passes to a TAFKAL80ETC concert, 5, 50'
args: ('Backstage passes to a TAFKAL80ETC concert', 50, 11) => 'Backstage passes to a TAFKAL80ETC concert, 10, 50'
args: ('Sulfuras, Hand of Ragnaros', 0, -1) => 'Sulfuras, Hand of Ragnaros, -1, 0'
args: ('Sulfuras, Hand of Ragnaros', 0, 0) => 'Sulfuras, Hand of Ragnaros, 0, 0'
args: ('Sulfuras, Hand of Ragnaros', 0, 6) => 'Sulfuras, Hand of Ragnaros, 6, 0'
args: ('Sulfuras, Hand of Ragnaros', 0, 11) => 'Sulfuras, Hand of Ragnaros, 11, 0'
args: ('Sulfuras, Hand of Ragnaros', 1, -1) => 'Sulfuras, Hand of Ragnaros, -1, 1'
args: ('Sulfuras, Hand of Ragnaros', 1, 0) => 'Sulfuras, Hand of Ragnaros, 0, 1'
args: ('Sulfuras, Hand of Ragnaros', 1, 6) => 'Sulfuras, Hand of Ragnaros, 6, 1'
args: ('Sulfuras, Hand of Ragnaros', 1, 11) => 'Sulfuras, Hand of Ragnaros, 11, 1'
args: ('Sulfuras, Hand of Ragnaros', 49, -1) => 'Sulfuras, Hand of Ragnaros, -1, 49'
args: ('Sulfuras, Hand of Ragnaros', 49, 0) => 'Sulfuras, Hand of Ragnaros, 0, 49'
args: ('Sulfuras, Hand of Ragnaros', 49, 6) => 'Sulfuras, Hand of Ragnaros, 6, 49'
args: ('Sulfuras, Hand of Ragnaros', 49, 11) => 'Sulfuras, Hand of Ragnaros, 11, 49'
args: ('Sulfuras, Hand of Ragnaros', 50, -1) => 'Sulfuras, Hand of Ragnaros, -1, 50'
args: ('Sulfuras, Hand of Ragnaros', 50, 0) => 'Sulfuras, Hand of Ragnaros, 0, 50'
args: ('Sulfuras, Hand of Ragnaros', 50, 6) => 'Sulfuras, Hand of Ragnaros, 6, 50'
args: ('Sulfuras, Hand of Ragnaros', 50, 11) => 'Sulfuras, Hand of Ragnaros, 11, 50'
